// Jest Snapshot v1, https://goo.gl/fbAQLP

exports[`renders correctly 1`] = `
<View
  style={
    Object {
      "marginBottom": 40,
      "marginTop": 50,
    }
  }
>
  <View>
    <View
      accessible={true}
      focusable={false}
      onClick={[Function]}
      onResponderGrant={[Function]}
      onResponderMove={[Function]}
      onResponderRelease={[Function]}
      onResponderTerminate={[Function]}
      onResponderTerminationRequest={[Function]}
      onStartShouldSetResponder={[Function]}
      style={
        Object {
          "alignItems": "center",
          "alignSelf": "center",
          "backgroundColor": "#000000",
          "borderColor": "#000000",
          "borderRadius": 20,
          "borderWidth": 1,
          "flexDirection": "row",
          "height": 30,
          "justifyContent": "center",
          "opacity": 1,
          "padding": 30,
          "width": 300,
        }
      }
      testID="myButton"
    >
      <View
        style={
          Object {
            "alignItems": "center",
            "alignSelf": "center",
            "justifyContent": "center",
            "margin": -10,
            "width": 80,
          }
        }
      >
        <Text
          style={
            Object {
              "color": "#10DDE5",
              "fontSize": 18,
              "fontWeight": "500",
            }
          }
        />
      </View>
    </View>
  </View>
</View>
`;

exports[`snapshot 1`] = `
<View
  style={
    Object {
      "marginBottom": 40,
      "marginTop": 50,
    }
  }
>
  <View>
    <View
      accessible={true}
      focusable={false}
      onClick={[Function]}
      onResponderGrant={[Function]}
      onResponderMove={[Function]}
      onResponderRelease={[Function]}
      onResponderTerminate={[Function]}
      onResponderTerminationRequest={[Function]}
      onStartShouldSetResponder={[Function]}
      style={
        Object {
          "alignItems": "center",
          "alignSelf": "center",
          "backgroundColor": "#000000",
          "borderColor": "#000000",
          "borderRadius": 20,
          "borderWidth": 1,
          "flexDirection": "row",
          "height": 30,
          "justifyContent": "center",
          "opacity": 1,
          "padding": 30,
          "width": 300,
        }
      }
      testID="myButton"
    >
      <View
        style={
          Object {
            "alignItems": "center",
            "alignSelf": "center",
            "justifyContent": "center",
            "margin": -10,
            "width": 80,
          }
        }
      >
        <Text
          style={
            Object {
              "color": "#10DDE5",
              "fontSize": 18,
              "fontWeight": "500",
            }
          }
        />
      </View>
    </View>
  </View>
</View>
`;
